// Jest Snapshot v1, https://goo.gl/fbAQLP

exports[`FilterTable should match snapshot. 1`] = `
<div>
  <div>
    <img
      alt="Loading ..."
      className="spinner"
      src="spinner.gif"
    />
  </div>
</div>
`;
